Compiling 2 files with Solc 0.8.28
Solc 0.8.28 finished in 20.08ms
Compiler run successful!
Deployer: 0x420A8Fe13265Df3B9323C3D7681b2854B1309338
Deployed to: 0xa6A3897F12438c9300690AAd309e55C7bB8B629E
Transaction hash: 0x4387a009d54b84bf3c6f3d03253af58d4a9b1a9f8fa5a749deddb28cca4c651f
Starting contract verification...
Waiting for sourcify to detect contract deployment...
Start verifying contract `0xa6A3897F12438c9300690AAd309e55C7bB8B629E` deployed on holesky
Compiler version: 0.8.28

Submitting verification for [src/SimpleStorage.sol:SimpleStorage] 0xa6A3897F12438c9300690AAd309e55C7bB8B629E.
Warning: Etherscan could not detect the deployment.; waiting 5 seconds before trying again (4 tries remaining)

Submitting verification for [src/SimpleStorage.sol:SimpleStorage] 0xa6A3897F12438c9300690AAd309e55C7bB8B629E.
Warning: Etherscan could not detect the deployment.; waiting 5 seconds before trying again (3 tries remaining)

Submitting verification for [src/SimpleStorage.sol:SimpleStorage] 0xa6A3897F12438c9300690AAd309e55C7bB8B629E.
Warning: Etherscan could not detect the deployment.; waiting 5 seconds before trying again (2 tries remaining)

Submitting verification for [src/SimpleStorage.sol:SimpleStorage] 0xa6A3897F12438c9300690AAd309e55C7bB8B629E.
Submitted contract for verification:
	Response: `OK`
	GUID: `w2byrylvhhtupmj47atzicftmxax4vqihawjmeibufmpgejeh6`
	URL: https://holesky.etherscan.io/address/0xa6a3897f12438c9300690aad309e55c7bb8b629e
Contract verification status:
Response: `NOTOK`
Details: `Pending in queue`
Warning: Verification is still pending...; waiting 15 seconds before trying again (7 tries remaining)
Contract verification status:
Response: `OK`
Details: `Pass - Verified`
Contract successfully verified
