Compiling 2 files with Solc 0.8.28
Solc 0.8.28 finished in 76.88ms
Compiler run successful!
Deployer: 0x420A8Fe13265Df3B9323C3D7681b2854B1309338
Deployed to: 0x07a20a24Ef328AE4100C57e7D9Aead2d47289A3a
Transaction hash: 0x78440aa68ac54663b871d4f8a21ee8e2e8dae62f1c1fef25c92e8b1410e13c63
Starting contract verification...
Waiting for sourcify to detect contract deployment...
Start verifying contract `0x07a20a24Ef328AE4100C57e7D9Aead2d47289A3a` deployed on holesky
Compiler version: 0.8.28
Optimizations:    999

Submitting verification for [src/Counter.sol:Counter] 0x07a20a24Ef328AE4100C57e7D9Aead2d47289A3a.
Warning: Etherscan could not detect the deployment.; waiting 5 seconds before trying again (4 tries remaining)

Submitting verification for [src/Counter.sol:Counter] 0x07a20a24Ef328AE4100C57e7D9Aead2d47289A3a.
Submitted contract for verification:
	Response: `OK`
	GUID: `uid5crxg1lhuhssmjns6xh2nyvizrhptayrv4tl2mnhmkhjbef`
	URL: https://holesky.etherscan.io/address/0x07a20a24ef328ae4100c57e7d9aead2d47289a3a
Contract verification status:
Response: `NOTOK`
Details: `Pending in queue`
Warning: Verification is still pending...; waiting 15 seconds before trying again (7 tries remaining)
Contract verification status:
Response: `OK`
Details: `Pass - Verified`
Contract successfully verified
