
[0;34mSending transaction on Sepolia...[0m

blockHash            0xe31aee974f5b902670a8c7f62ece6dc27956d761c58a9ce01752e11e3840c1a3
blockNumber          8115807
contractAddress      
cumulativeGasUsed    13551323
effectiveGasPrice    37011135710
from                 0x420A8Fe13265Df3B9323C3D7681b2854B1309338
gasUsed              169920
logs                 []
logsBloom            0x00000000000000000000000000000000000000000000000000000000000000000000000000000000000000000000000000000000000000000000000000000000000000000000000000000000000000000000000000000000000000000000000000000000000000000000000000000000000000000000000000000000000000000000000000000000000000000000000000000000000000000000000000000000000000000000000000000000000000000000000000000000000000000000000000000000000000000000000000000000000000000000000000000000000000000000000000000000000000000000000000000000000000000000000000000000
root                 
status               1 (success)
transactionHash      0x507fc2fd436d08c7a9c325ed344822d83f0b7355cea5f106a9e6b747d5121aa2
transactionIndex     99
type                 2
blobGasPrice         
blobGasUsed          
authorizationList    
to                   0x420fFfdA7565D31e9b4b7ebAF0269b5564644656
[0;32mSepolia transaction successful![0m

[0;34mSending transaction on Holesky...[0m

blockHash            0xf36959a9eb9fce2ce4f121751bd13e5152ec423e02bcc9d56a82184da5f6fe5a
blockNumber          3670416
contractAddress      
cumulativeGasUsed    1771822
effectiveGasPrice    2095520
from                 0x420A8Fe13265Df3B9323C3D7681b2854B1309338
gasUsed              169920
logs                 []
logsBloom            0x00000000000000000000000000000000000000000000000000000000000000000000000000000000000000000000000000000000000000000000000000000000000000000000000000000000000000000000000000000000000000000000000000000000000000000000000000000000000000000000000000000000000000000000000000000000000000000000000000000000000000000000000000000000000000000000000000000000000000000000000000000000000000000000000000000000000000000000000000000000000000000000000000000000000000000000000000000000000000000000000000000000000000000000000000000000
root                 
status               1 (success)
transactionHash      0x9d44e7317afe7e431365fc22da6e4fca934f741eedbec0a490ac5db09bfa2ed8
transactionIndex     4
type                 2
blobGasPrice         
blobGasUsed          
authorizationList    
to                   0x420fFfdA7565D31e9b4b7ebAF0269b5564644656
[0;32mHolesky transaction successful![0m
